[03-Aug-2022 05:52:23 Europe/Berlin] Inside Main
[03-Aug-2022 06:01:20 Europe/Berlin] User Details: User Info is not updated.
[03-Aug-2022 06:01:40 Europe/Berlin] Resume: downloaded.
[03-Aug-2022 06:01:52 Europe/Berlin] Resume: downloaded.
[03-Aug-2022 06:18:59 Europe/Berlin] You have already applied for this job. Please try another one.
[23-Aug-2022 21:11:58 Europe/Berlin] User Details: User Info is not updated.
[23-Aug-2022 21:13:36 Europe/Berlin] User Details: User Info is not updated.
